
> construction-erp@0.1.0 build
> next build

Γû▓ Next.js 16.1.1 (Turbopack)
- Environments: .env

  Creating an optimized production build ...
Γ£ô Compiled successfully in 10.5s
  Running TypeScript ...
  Collecting page data using 11 workers ...
node.exe : 
(node:34312) 
[MONGOOSE] Warning: 
Duplicate schema index 
on {"email":1} found. 
This is often due to 
declaring an index 
using both "index: 
true" and 
"schema.index()". 
Please remove the 
duplicate index 
definition.
At C:\Program Files\nod
ejs\npm.ps1:29 char:3
+   & $NODE_EXE 
$NPM_CLI_JS $args
+   ~~~~~~~~~~~~~~~~~~~
~~~~~~~~~~
    + CategoryInfo     
         : NotSpecifi  
  ed: ((node:34312)    
 [M...dex definitio    
n.:String) [], Rem    
oteException
    + FullyQualifiedEr 
   rorId : NativeComm  
  andError
 
(Use `node 
--trace-warnings ...` 
to show where the 
warning was created)
(node:34312) 
[MONGOOSE] Warning: 
Duplicate schema index 
on {"employeeId":1} 
found. This is often 
due to declaring an 
index using both 
"index: true" and 
"schema.index()". 
Please remove the 
duplicate index 
definition.
(node:17488) 
[MONGOOSE] Warning: 
Duplicate schema index 
on {"email":1} found. 
This is often due to 
declaring an index 
using both "index: 
true" and 
"schema.index()". 
Please remove the 
duplicate index 
definition.
(Use `node 
--trace-warnings ...` 
to show where the 
warning was created)
(node:17488) 
[MONGOOSE] Warning: 
Duplicate schema index 
on {"employeeId":1} 
found. This is often 
due to declaring an 
index using both 
"index: true" and 
"schema.index()". 
Please remove the 
duplicate index 
definition.
(node:33764) 
[MONGOOSE] Warning: 
Duplicate schema index 
on {"email":1} found. 
This is often due to 
declaring an index 
using both "index: 
true" and 
"schema.index()". 
Please remove the 
duplicate index 
definition.
(Use `node 
--trace-warnings ...` 
to show where the 
warning was created)
(node:33764) 
[MONGOOSE] Warning: 
Duplicate schema index 
on {"employeeId":1} 
found. This is often 
due to declaring an 
index using both 
"index: true" and 
"schema.index()". 
Please remove the 
duplicate index 
definition.
(node:33388) 
[MONGOOSE] Warning: 
Duplicate schema index 
on {"email":1} found. 
This is often due to 
declaring an index 
using both "index: 
true" and 
"schema.index()". 
Please remove the 
duplicate index 
definition.
(Use `node 
--trace-warnings ...` 
to show where the 
warning was created)
(node:33388) 
[MONGOOSE] Warning: 
Duplicate schema index 
on {"employeeId":1} 
found. This is often 
due to declaring an 
index using both 
"index: true" and 
"schema.index()". 
Please remove the 
duplicate index 
definition.
(node:24352) 
[MONGOOSE] Warning: 
Duplicate schema index 
on {"email":1} found. 
This is often due to 
declaring an index 
using both "index: 
true" and 
"schema.index()". 
Please remove the 
duplicate index 
definition.
(Use `node 
--trace-warnings ...` 
to show where the 
warning was created)
(node:24352) 
[MONGOOSE] Warning: 
Duplicate schema index 
on {"employeeId":1} 
found. This is often 
due to declaring an 
index using both 
"index: true" and 
"schema.index()". 
Please remove the 
duplicate index 
definition.
(node:12860) 
[MONGOOSE] Warning: 
Duplicate schema index 
on {"email":1} found. 
This is often due to 
declaring an index 
using both "index: 
true" and 
"schema.index()". 
Please remove the 
duplicate index 
definition.
(Use `node 
--trace-warnings ...` 
to show where the 
warning was created)
(node:12860) 
[MONGOOSE] Warning: 
Duplicate schema index 
on {"employeeId":1} 
found. This is often 
due to declaring an 
index using both 
"index: true" and 
"schema.index()". 
Please remove the 
duplicate index 
definition.
(node:25900) 
[MONGOOSE] Warning: 
Duplicate schema index 
on {"email":1} found. 
This is often due to 
declaring an index 
using both "index: 
true" and 
"schema.index()". 
Please remove the 
duplicate index 
definition.
(Use `node 
--trace-warnings ...` 
to show where the 
warning was created)
(node:25900) 
[MONGOOSE] Warning: 
Duplicate schema index 
on {"employeeId":1} 
found. This is often 
due to declaring an 
index using both 
"index: true" and 
"schema.index()". 
Please remove the 
duplicate index 
definition.
(node:22308) 
[MONGOOSE] Warning: 
Duplicate schema index 
on {"email":1} found. 
This is often due to 
declaring an index 
using both "index: 
true" and 
"schema.index()". 
Please remove the 
duplicate index 
definition.
(Use `node 
--trace-warnings ...` 
to show where the 
warning was created)
(node:22308) 
[MONGOOSE] Warning: 
Duplicate schema index 
on {"employeeId":1} 
found. This is often 
due to declaring an 
index using both 
"index: true" and 
"schema.index()". 
Please remove the 
duplicate index 
definition.
(node:29932) 
[MONGOOSE] Warning: 
Duplicate schema index 
on {"email":1} found. 
This is often due to 
declaring an index 
using both "index: 
true" and 
"schema.index()". 
Please remove the 
duplicate index 
definition.
(Use `node 
--trace-warnings ...` 
to show where the 
warning was created)
(node:29932) 
[MONGOOSE] Warning: 
Duplicate schema index 
on {"employeeId":1} 
found. This is often 
due to declaring an 
index using both 
"index: true" and 
"schema.index()". 
Please remove the 
duplicate index 
definition.
(node:16628) 
[MONGOOSE] Warning: 
Duplicate schema index 
on {"email":1} found. 
This is often due to 
declaring an index 
using both "index: 
true" and 
"schema.index()". 
Please remove the 
duplicate index 
definition.
(Use `node 
--trace-warnings ...` 
to show where the 
warning was created)
(node:16628) 
[MONGOOSE] Warning: 
Duplicate schema index 
on {"employeeId":1} 
found. This is often 
due to declaring an 
index using both 
"index: true" and 
"schema.index()". 
Please remove the 
duplicate index 
definition.
(node:11480) 
[MONGOOSE] Warning: 
Duplicate schema index 
on {"email":1} found. 
This is often due to 
declaring an index 
using both "index: 
true" and 
"schema.index()". 
Please remove the 
duplicate index 
definition.
(Use `node 
--trace-warnings ...` 
to show where the 
warning was created)
(node:11480) 
[MONGOOSE] Warning: 
Duplicate schema index 
on {"employeeId":1} 
found. This is often 
due to declaring an 
index using both 
"index: true" and 
"schema.index()". 
Please remove the 
duplicate index 
definition.
MongoDB connection 
error: MongooseServerSe
lectionError: Could 
not connect to any 
servers in your 
MongoDB Atlas cluster. 
One common reason is 
that you're trying to 
access the database 
from an IP that isn't 
whitelisted. Make sure 
your current IP 
address is on your 
Atlas cluster's IP 
whitelist: https://www.
mongodb.com/docs/atlas/
security-whitelist/
    at async n (C:\User
s\najla\OneDrive\Docume
nts\PROJECT\DestylusCiv
il\.next\server\chunks\
[root-of-the-server]__0
7eda912._.js:1:1446)
    at async (C:\Users\
najla\OneDrive\Document
s\PROJECT\DestylusCivil
\.next\server\chunks\[r
oot-of-the-server]__07e
da912._.js:1:10821) {
  errorLabelSet: 
Set(0) {},
  reason: 
[TopologyDescription],
  code: undefined,
  [cause]: 
[TopologyDescription]
}
MongooseServerSelection
Error: Could not 
connect to any servers 
in your MongoDB Atlas 
cluster. One common 
reason is that you're 
trying to access the 
database from an IP 
that isn't 
whitelisted. Make sure 
your current IP 
address is on your 
Atlas cluster's IP 
whitelist: https://www.
mongodb.com/docs/atlas/
security-whitelist/
    at async n (C:\User
s\najla\OneDrive\Docume
nts\PROJECT\DestylusCiv
il\.next\server\chunks\
[root-of-the-server]__0
7eda912._.js:1:1446)
    at async (C:\Users\
najla\OneDrive\Document
s\PROJECT\DestylusCivil
\.next\server\chunks\[r
oot-of-the-server]__07e
da912._.js:1:10821) {
  errorLabelSet: 
Set(0) {},
  reason: 
[TopologyDescription],
  code: undefined,
  [cause]: 
[TopologyDescription]
}

> Build error occurred
Error: Failed to 
collect page data for 
/api/attendance
    at ignore-listed 
frames {
  type: 'Error'
}
